// Jest Snapshot v1, https://goo.gl/fbAQLP

exports[`Filters <Checkbox /> should render 1`] = `
.c0 input {
  opacity: 0;
  position: absolute;
}

.c0 label {
  display: inline-block;
  position: relative;
  margin: 0 5px 10px;
  padding: 7px;
  vertical-align: middle;
  font-size: 14px;
  cursor: pointer;
  border: 1px solid black;
  -webkit-transition: background-color 0.25s;
  transition: background-color 0.25s;
  border-radius: 5px;
}

.c0 input:checked + label {
  color: white;
  background-color: #00A14D;
  border-color: green;
}

<span
  className="c0"
>
  <input
    checked={false}
    id={1}
    name="list"
    onChange={[Function]}
    type="checkbox"
    value={1}
  />
  <label
    htmlFor={1}
  >
    Genre name
  </label>
</span>
`;
